// Bun Snapshot v1, https://goo.gl/fbAQLP

exports[`buildDepositTransaction 1`] = `
{
  "account": {
    "address": "0xad5DC090223b3f6b9a47C354B808FF593FfA1e25",
    "nonceManager": undefined,
    "publicKey": "0x04566b44b844d48e4a65b58d9187e5f4fff3fe59b67a660aca4cee8ae02b84ddffe88d1d6c8b5720c6b9e914672edb22a42195cbfa2a52d0c4ce60879d79800b48",
    "signMessage": [Function: AsyncFunction],
    "signTransaction": [Function: AsyncFunction],
    "signTypedData": [Function: AsyncFunction],
    "source": "privateKey",
    "type": "local",
  },
  "request": {
    "data": undefined,
    "gas": 23000n,
    "isCreation": undefined,
    "mint": 1000000000000000n,
    "to": "0xad5DC090223b3f6b9a47C354B808FF593FfA1e25",
    "value": undefined,
  },
  "targetChain": {
    "blockExplorers": {
      "default": {
        "apiUrl": "https://explorer.celo.org/api",
        "name": "Celo Explorer",
        "url": "https://explorer.celo.org/alfajores",
      },
    },
    "contracts": {
      "disputeGameFactory": {
        "17000": {
          "address": "0xB0C46509E24a0745d201114016fD666D6D1E3f8e",
        },
      },
      "l1StandardBridge": {
        "17000": {
          "address": "0x65E8f629B13535f902020668Fe73aEc24e52F5D8",
        },
      },
      "l2OutputOracle": {
        "17000": {
          "address": "0x58eeeEC56C6e92b1898367fa7372ab3f6483F054",
        },
      },
      "l2StandardBridge": {
        "17000": {
          "address": "0x4200000000000000000000000000000000000010",
        },
      },
      "multicall3": {
        "address": "0xcA11bde05977b3631167028862bE2a173976CA11",
        "blockCreated": 14569001,
      },
      "portal": {
        "17000": {
          "address": "0x969d247cB586C0bF02212B9ae6e690e8b0d762bA",
        },
      },
    },
    "fees": {
      "estimateFeesPerGas": [Function: AsyncFunction],
    },
    "formatters": {
      "block": {
        "exclude": undefined,
        "format": [Function],
        "type": "block",
      },
      "transaction": {
        "exclude": undefined,
        "format": [Function],
        "type": "transaction",
      },
      "transactionRequest": {
        "exclude": undefined,
        "format": [Function],
        "type": "transactionRequest",
      },
    },
    "id": 44787,
    "name": "Alfajores",
    "nativeCurrency": {
      "decimals": 18,
      "name": "CELO",
      "symbol": "A-CELO",
    },
    "rpcUrls": {
      "default": {
        "http": [
          "https://forno.dango.celo-testnet.org",
        ],
      },
    },
    "serializers": {
      "transaction": [Function: serializeTransaction],
    },
    "testnet": true,
  },
}
`;
